2026-08-02T11:00:15.621Z|0x7638|Mono path[0] = 'C:/Users/k/Repository/Unity/ZoomTracks/ZoomTracks/MyBuildOutput/ZoomTracks_Data/Managed'
2026-08-02T11:00:15.622Z|0x7638|Mono config path = 'C:/Users/k/Repository/Unity/ZoomTracks/ZoomTracks/MyBuildOutput/MonoBleedingEdge/etc'
2026-08-02T11:00:15.638Z|0x7638|Input System module state changed to: Initialized.
2026-08-02T11:00:15.640Z|0x7638|[Physics::Module] Initialized fallback backend.
2026-08-02T11:00:15.640Z|0x7638|[Physics::Module] Id: 0xdecafbad
2026-08-02T11:00:15.642Z|0x7638|Initialize engine version: 6000.3.21f1 (c02631ffc030)
2026-08-02T11:00:15.642Z|0x7638|[Subsystems] Discovering subsystems at path C:/Users/k/Repository/Unity/ZoomTracks/ZoomTracks/MyBuildOutput/ZoomTracks_Data/UnitySubsystems
2026-08-02T11:00:15.643Z|0x7638|Forcing GfxDevice: Direct3D 12
2026-08-02T11:00:15.643Z|0x7638|GfxDevice: creating device client; kGfxThreadingModeSplitJobs
2026-08-02T11:00:15.859Z|0x7638|d3d12: failed to query info queue interface (0x80004002).
2026-08-02T11:00:15.859Z|0x7638|Direct3D:
2026-08-02T11:00:15.859Z|0x7638|    Version:         Direct3D 12 [level 12.2]
2026-08-02T11:00:15.859Z|0x7638|    Renderer:        NVIDIA GeForce RTX 5090 Laptop GPU (ID=0x2c58)
2026-08-02T11:00:15.859Z|0x7638|    Vendor:          NVIDIA
2026-08-02T11:00:15.859Z|0x7638|    VRAM:            24137 MB
2026-08-02T11:00:15.859Z|0x7638|    App VRAM Budget: 23369 MB
2026-08-02T11:00:15.859Z|0x7638|    Driver:          32.0.15.9649
2026-08-02T11:00:15.891Z|0x7638|Begin MonoManager ReloadAssembly
2026-08-02T11:00:15.964Z|0x7638|- Loaded All Assemblies, in  0.073 seconds
2026-08-02T11:00:15.966Z|0x7638|- Finished resetting the current domain, in  0.001 seconds
2026-08-02T11:00:15.966Z|0x7638|[Physics::Module] Selected backend.
2026-08-02T11:00:15.966Z|0x7638|[Physics::Module] Name: PhysX
2026-08-02T11:00:15.966Z|0x7638|[Physics::Module] Id: 0xf2b8ea05
2026-08-02T11:00:15.966Z|0x7638|[Physics::Module] SDK Version: 4.1.2
2026-08-02T11:00:15.966Z|0x7638|[Physics::Module] Integration Version: 1.0.0
2026-08-02T11:00:15.966Z|0x7638|[Physics::Module] Threading Mode: Multi-Threaded
2026-08-02T11:00:16.015Z|0x7638|ERROR: Shader Hidden/Universal Render Pipeline/DBufferClear shader is not supported on this GPU (none of subshaders/fallbacks are suitable)
<RI> Initializing input.
2026-08-02T11:00:16.062Z|0x7638|Using Windows.Gaming.Input
2026-08-02T11:00:16.086Z|0x6fac|Input System polling thread started.
2026-08-02T11:00:16.115Z|0x7638|UnloadTime: 0.436300 ms
2026-08-02T11:00:16.214Z|0x7638|BEGIN: Main.Awake on object='GameLoop' in scene='Main'
2026-08-02T11:00:16.214Z|0x7638|Log path for standalone exe: C:\Users\k\AppData\LocalLow\K\ZoomTracks\Player.log
2026-08-02T11:00:16.217Z|0x7638|END: Main.Awake on object='GameLoop' in scene='Main'
2026-08-02T11:00:16.221Z|0x7638|BEGIN: Main.Start on object='GameLoop' in scene='Main'
2026-08-02T11:00:16.222Z|0x7638|display.rendering resolution = 2560*1440
2026-08-02T11:00:16.222Z|0x7638|display.system resolution    = 2560*1440
2026-08-02T11:00:16.222Z|0x7638|Screen resolution            = 2560*1440
2026-08-02T11:00:16.223Z|0x7638|renderScale                  = 1
2026-08-02T11:00:16.224Z|0x7638|Screen.fullScreenMode        = FullScreenWindow
2026-08-02T11:00:16.224Z|0x7638|Screen.fullScreen            = True
2026-08-02T11:00:16.224Z|0x7638|Running in borderless fullscreen window mode
2026-08-02T11:00:16.224Z|0x7638|SystemInfo.renderingThreadingMode = NativeGraphicsJobsSplitThreading
2026-08-02T11:00:16.225Z|0x7638|Graphics API in use     = Direct3D12
2026-08-02T11:00:16.225Z|0x7638|Graphics device         = NVIDIA GeForce RTX 5090 Laptop GPU
2026-08-02T11:00:16.225Z|0x7638|Graphics device vendor  = NVIDIA
2026-08-02T11:00:16.225Z|0x7638|Graphics device version = Direct3D 12 [level 12.2]
2026-08-02T11:00:16.225Z|0x7638|Running on Direct3D 12 / DX12
2026-08-02T11:00:16.225Z|0x7638|UniversalRenderPipeline.asset.supportsHDR = False
2026-08-02T11:00:16.225Z|0x7638|QualitySettings.maxQueuedFrames           = 1
2026-08-02T11:00:16.225Z|0x7638|Application.targetFrameRate               = -1
2026-08-02T11:00:16.225Z|0x7638|QualitySettings.vSyncCount                = 0
2026-08-02T11:00:16.227Z|0x7638|Received zero or negative refresh rate, so using Time.deltaTime for the timestep, which means a variable timestep
2026-08-02T11:00:16.227Z|0x7638|Using a file path specified from the command line for stutter log: $C:\Users\k\Repository\Unity\ZoomTracks\ZoomTracks\MyLogOutput\2026-08-02_04-00-14\Stutter.log
2026-08-02T11:00:16.227Z|0x7638|Using variable delta, so StutterLogger won't report stutters
2026-08-02T11:00:16.227Z|0x7638|Load UI scene...
2026-08-02T11:00:16.319Z|0x7638|Busy 0.220
2026-08-02T11:00:16.351Z|0x7638|Busy 0.252
2026-08-02T11:00:16.351Z|0x7638|...done
2026-08-02T11:00:16.351Z|0x7638|Load initial track scene...
2026-08-02T11:00:16.407Z|0x7638|Busy 0.308
2026-08-02T11:00:16.423Z|0x7638|Busy 0.324
2026-08-02T11:00:16.423Z|0x7638|...done
2026-08-02T11:00:16.426Z|0x7638|Initialize track...
2026-08-02T11:00:16.429Z|0x7638|Executing ApplyGraphicsSettings...
2026-08-02T11:00:16.430Z|0x7638|...done
2026-08-02T11:00:16.430Z|0x7638|END: Main.Start on object='GameLoop' in scene='Main'
2026-08-02T11:00:16.431Z|0x7638|BEGIN: Main.UpdateLoopAsync
2026-08-02T11:00:31.870Z|0x7638|[Physics::Module] Cleanup current backend.
2026-08-02T11:00:31.870Z|0x7638|[Physics::Module] Id: 0xf2b8ea05
2026-08-02T11:00:31.870Z|0x7638|Input System module state changed to: ShutdownInProgress.
2026-08-02T11:00:31.871Z|0x6fac|Input System polling thread stopped.
2026-08-02T11:00:31.871Z|0x7638|Input System polling thread exited.
2026-08-02T11:00:31.871Z|0x7638|Input System module state changed to: Shutdown.
